
   WARN  Metadata found in doc-comment for class Tests\Unit\BlogTest. Metadata in doc-comments is deprecated and will no longer be supported in PHPUnit 12. Update your test code to use attributes instead.

   WARN  Metadata found in doc-comment for class Tests\Unit\BlogTest. Metadata in doc-comments is deprecated and will no longer be supported in PHPUnit 12. Update your test code to use attributes instead.

   WARN  Metadata found in doc-comment for class Tests\Unit\BlogTest. Metadata in doc-comments is deprecated and will no longer be supported in PHPUnit 12. Update your test code to use attributes instead.

   WARN  Metadata found in doc-comment for class Tests\Unit\BlogTest. Metadata in doc-comments is deprecated and will no longer be supported in PHPUnit 12. Update your test code to use attributes instead.

   WARN  Metadata found in doc-comment for class Tests\Unit\BlogTest. Metadata in doc-comments is deprecated and will no longer be supported in PHPUnit 12. Update your test code to use attributes instead.

   WARN  Metadata found in doc-comment for class Tests\Unit\BlogTest. Metadata in doc-comments is deprecated and will no longer be supported in PHPUnit 12. Update your test code to use attributes instead.

   WARN  Metadata found in doc-comment for class Tests\Unit\BlogTest. Metadata in doc-comments is deprecated and will no longer be supported in PHPUnit 12. Update your test code to use attributes instead.

   WARN  Metadata found in doc-comment for class Tests\Unit\BlogTest. Metadata in doc-comments is deprecated and will no longer be supported in PHPUnit 12. Update your test code to use attributes instead.

   WARN  Metadata found in doc-comment for class Tests\Unit\BlogTest. Metadata in doc-comments is deprecated and will no longer be supported in PHPUnit 12. Update your test code to use attributes instead.

   WARN  Metadata found in doc-comment for class Tests\Unit\BlogTest. Metadata in doc-comments is deprecated and will no longer be supported in PHPUnit 12. Update your test code to use attributes instead.

   WARN  Metadata found in doc-comment for class Tests\Unit\BlogTest. Metadata in doc-comments is deprecated and will no longer be supported in PHPUnit 12. Update your test code to use attributes instead.

   WARN  Metadata found in doc-comment for class Tests\Unit\BlogTest. Metadata in doc-comments is deprecated and will no longer be supported in PHPUnit 12. Update your test code to use attributes instead.

   WARN  Metadata found in doc-comment for class Tests\Unit\BlogTest. Metadata in doc-comments is deprecated and will no longer be supported in PHPUnit 12. Update your test code to use attributes instead.

   WARN  Metadata found in doc-comment for class Tests\Unit\BlogTest. Metadata in doc-comments is deprecated and will no longer be supported in PHPUnit 12. Update your test code to use attributes instead.

   WARN  Metadata found in doc-comment for class Tests\Unit\BlogTest. Metadata in doc-comments is deprecated and will no longer be supported in PHPUnit 12. Update your test code to use attributes instead.

   WARN  Metadata found in doc-comment for class Tests\Unit\BlogTest. Metadata in doc-comments is deprecated and will no longer be supported in PHPUnit 12. Update your test code to use attributes instead.

   WARN  Metadata found in doc-comment for class Tests\Unit\BlogTest. Metadata in doc-comments is deprecated and will no longer be supported in PHPUnit 12. Update your test code to use attributes instead.

   FAIL  Tests\Unit\BlogTest
  Γ£ô tc blg 001 valid post creation
  Γ£ô tc blg 002 title lower bound edge
  Γ£ô tc blg 003 title lower boundary
  Γ£ô tc blg 004 title lower boundary plus one
  Γ£ô tc blg 005 title upper boundary minus one
  Γ£ô tc blg 006 title upper boundary
  Γ£ô tc blg 007 title upper bound edge
  Γ£ô tc blg 008 numeric input in string field
  Γ£ô tc blg 009 xss prevention
  Γ¿» tc blg 010 valid file upload
  Γ£ô tc blg 011 unsupported file type
  Γ¿» tc blg 012 file size upper boundary
  Γ¿» tc blg 013 file size boundary edge
  Γ¿» tc blg 014 successful post update
  Γ¿» tc blg 015 delete functionality
  Γ£ô tc blg 016 concurrent duplicate submissions
  ΓöÇΓöÇΓöÇΓöÇΓöÇΓöÇΓöÇΓöÇΓöÇΓöÇΓöÇΓöÇΓöÇΓöÇΓöÇΓöÇΓöÇΓöÇΓöÇΓöÇΓöÇΓöÇΓöÇΓöÇΓöÇΓöÇΓöÇΓöÇΓöÇΓöÇΓöÇΓöÇΓöÇΓöÇΓöÇΓöÇΓöÇΓöÇΓöÇΓöÇΓöÇΓöÇΓöÇΓöÇΓöÇΓöÇΓöÇΓöÇΓöÇΓöÇΓöÇΓöÇΓöÇΓöÇΓöÇΓöÇΓöÇΓöÇΓöÇΓöÇΓöÇΓöÇΓöÇΓöÇΓöÇΓöÇΓöÇΓöÇΓöÇΓöÇΓöÇΓöÇΓöÇΓöÇΓöÇΓöÇΓöÇΓöÇΓöÇΓöÇΓöÇΓöÇΓöÇΓöÇΓöÇΓöÇΓöÇΓöÇΓöÇΓöÇΓöÇΓöÇΓöÇΓöÇΓöÇΓöÇΓöÇΓöÇΓöÇΓöÇΓöÇΓöÇΓöÇΓöÇΓöÇΓöÇΓöÇΓöÇΓöÇΓöÇΓöÇΓöÇΓöÇΓöÇΓöÇΓöÇ  
   FAILED  Tests\Unit\BlogTest > tc blg 010 valid file upload                                          LogicException   
  GD extension is not installed.

  at vendor\laravel\framework\src\Illuminate\Http\Testing\FileFactory.php:77
     73Γûò      */
     74Γûò     protected function generateImage($width, $height, $extension)
     75Γûò     {
     76Γûò         if (! function_exists('imagecreatetruecolor')) {
  Γ₧£  77Γûò             throw new LogicException('GD extension is not installed.');
     78Γûò         }
     79Γûò 
     80Γûò         return tap(tmpfile(), function ($temp) use ($width, $height, $extension) {
     81Γûò             ob_start();

  1   vendor\laravel\framework\src\Illuminate\Http\Testing\FileFactory.php:77
  2   vendor\laravel\framework\src\Illuminate\Http\Testing\FileFactory.php:59

  ΓöÇΓöÇΓöÇΓöÇΓöÇΓöÇΓöÇΓöÇΓöÇΓöÇΓöÇΓöÇΓöÇΓöÇΓöÇΓöÇΓöÇΓöÇΓöÇΓöÇΓöÇΓöÇΓöÇΓöÇΓöÇΓöÇΓöÇΓöÇΓöÇΓöÇΓöÇΓöÇΓöÇΓöÇΓöÇΓöÇΓöÇΓöÇΓöÇΓöÇΓöÇΓöÇΓöÇΓöÇΓöÇΓöÇΓöÇΓöÇΓöÇΓöÇΓöÇΓöÇΓöÇΓöÇΓöÇΓöÇΓöÇΓöÇΓöÇΓöÇΓöÇΓöÇΓöÇΓöÇΓöÇΓöÇΓöÇΓöÇΓöÇΓöÇΓöÇΓöÇΓöÇΓöÇΓöÇΓöÇΓöÇΓöÇΓöÇΓöÇΓöÇΓöÇΓöÇΓöÇΓöÇΓöÇΓöÇΓöÇΓöÇΓöÇΓöÇΓöÇΓöÇΓöÇΓöÇΓöÇΓöÇΓöÇΓöÇΓöÇΓöÇΓöÇΓöÇΓöÇΓöÇΓöÇΓöÇΓöÇΓöÇΓöÇΓöÇΓöÇΓöÇΓöÇΓöÇΓöÇ  
   FAILED  Tests\Unit\BlogTest > tc blg 012 file size upper boundary                                   LogicException   
  GD extension is not installed.

  at vendor\laravel\framework\src\Illuminate\Http\Testing\FileFactory.php:77
     73Γûò      */
     74Γûò     protected function generateImage($width, $height, $extension)
     75Γûò     {
     76Γûò         if (! function_exists('imagecreatetruecolor')) {
  Γ₧£  77Γûò             throw new LogicException('GD extension is not installed.');
     78Γûò         }
     79Γûò 
     80Γûò         return tap(tmpfile(), function ($temp) use ($width, $height, $extension) {
     81Γûò             ob_start();

  1   vendor\laravel\framework\src\Illuminate\Http\Testing\FileFactory.php:77
  2   vendor\laravel\framework\src\Illuminate\Http\Testing\FileFactory.php:59

  ΓöÇΓöÇΓöÇΓöÇΓöÇΓöÇΓöÇΓöÇΓöÇΓöÇΓöÇΓöÇΓöÇΓöÇΓöÇΓöÇΓöÇΓöÇΓöÇΓöÇΓöÇΓöÇΓöÇΓöÇΓöÇΓöÇΓöÇΓöÇΓöÇΓöÇΓöÇΓöÇΓöÇΓöÇΓöÇΓöÇΓöÇΓöÇΓöÇΓöÇΓöÇΓöÇΓöÇΓöÇΓöÇΓöÇΓöÇΓöÇΓöÇΓöÇΓöÇΓöÇΓöÇΓöÇΓöÇΓöÇΓöÇΓöÇΓöÇΓöÇΓöÇΓöÇΓöÇΓöÇΓöÇΓöÇΓöÇΓöÇΓöÇΓöÇΓöÇΓöÇΓöÇΓöÇΓöÇΓöÇΓöÇΓöÇΓöÇΓöÇΓöÇΓöÇΓöÇΓöÇΓöÇΓöÇΓöÇΓöÇΓöÇΓöÇΓöÇΓöÇΓöÇΓöÇΓöÇΓöÇΓöÇΓöÇΓöÇΓöÇΓöÇΓöÇΓöÇΓöÇΓöÇΓöÇΓöÇΓöÇΓöÇΓöÇΓöÇΓöÇΓöÇΓöÇΓöÇΓöÇ  
   FAILED  Tests\Unit\BlogTest > tc blg 013 file size boundary edge                                    LogicException   
  GD extension is not installed.

  at vendor\laravel\framework\src\Illuminate\Http\Testing\FileFactory.php:77
     73Γûò      */
     74Γûò     protected function generateImage($width, $height, $extension)
     75Γûò     {
     76Γûò         if (! function_exists('imagecreatetruecolor')) {
  Γ₧£  77Γûò             throw new LogicException('GD extension is not installed.');
     78Γûò         }
     79Γûò 
     80Γûò         return tap(tmpfile(), function ($temp) use ($width, $height, $extension) {
     81Γûò             ob_start();

  1   vendor\laravel\framework\src\Illuminate\Http\Testing\FileFactory.php:77
  2   vendor\laravel\framework\src\Illuminate\Http\Testing\FileFactory.php:59

  ΓöÇΓöÇΓöÇΓöÇΓöÇΓöÇΓöÇΓöÇΓöÇΓöÇΓöÇΓöÇΓöÇΓöÇΓöÇΓöÇΓöÇΓöÇΓöÇΓöÇΓöÇΓöÇΓöÇΓöÇΓöÇΓöÇΓöÇΓöÇΓöÇΓöÇΓöÇΓöÇΓöÇΓöÇΓöÇΓöÇΓöÇΓöÇΓöÇΓöÇΓöÇΓöÇΓöÇΓöÇΓöÇΓöÇΓöÇΓöÇΓöÇΓöÇΓöÇΓöÇΓöÇΓöÇΓöÇΓöÇΓöÇΓöÇΓöÇΓöÇΓöÇΓöÇΓöÇΓöÇΓöÇΓöÇΓöÇΓöÇΓöÇΓöÇΓöÇΓöÇΓöÇΓöÇΓöÇΓöÇΓöÇΓöÇΓöÇΓöÇΓöÇΓöÇΓöÇΓöÇΓöÇΓöÇΓöÇΓöÇΓöÇΓöÇΓöÇΓöÇΓöÇΓöÇΓöÇΓöÇΓöÇΓöÇΓöÇΓöÇΓöÇΓöÇΓöÇΓöÇΓöÇΓöÇΓöÇΓöÇΓöÇΓöÇΓöÇΓöÇΓöÇΓöÇΓöÇΓöÇ  
   FAILED  Tests\Unit\BlogTest > tc blg 014 successful post update                                   RuntimeException   
  Could not load mock App\Models\BlogPost, class already exists

  at tests\Unit\BlogTest.php:269
    265Γûò             'content' => 'Updated text here.',
    266Γûò         ])->andReturn(true);
    267Γûò 
    268Γûò         // Mock the static findOrFail method
  Γ₧£ 269Γûò         $mock = Mockery::mock('alias:' . BlogPost::class);
    270Γûò         $mock->shouldReceive('findOrFail')->with(12)->andReturn($blogInstanceMock);
    271Γûò 
    272Γûò         $controller = new BlogPostsController();
    273Γûò         $request = Request::create('/admin/blogs/12', 'PUT', [

  ΓöÇΓöÇΓöÇΓöÇΓöÇΓöÇΓöÇΓöÇΓöÇΓöÇΓöÇΓöÇΓöÇΓöÇΓöÇΓöÇΓöÇΓöÇΓöÇΓöÇΓöÇΓöÇΓöÇΓöÇΓöÇΓöÇΓöÇΓöÇΓöÇΓöÇΓöÇΓöÇΓöÇΓöÇΓöÇΓöÇΓöÇΓöÇΓöÇΓöÇΓöÇΓöÇΓöÇΓöÇΓöÇΓöÇΓöÇΓöÇΓöÇΓöÇΓöÇΓöÇΓöÇΓöÇΓöÇΓöÇΓöÇΓöÇΓöÇΓöÇΓöÇΓöÇΓöÇΓöÇΓöÇΓöÇΓöÇΓöÇΓöÇΓöÇΓöÇΓöÇΓöÇΓöÇΓöÇΓöÇΓöÇΓöÇΓöÇΓöÇΓöÇΓöÇΓöÇΓöÇΓöÇΓöÇΓöÇΓöÇΓöÇΓöÇΓöÇΓöÇΓöÇΓöÇΓöÇΓöÇΓöÇΓöÇΓöÇΓöÇΓöÇΓöÇΓöÇΓöÇΓöÇΓöÇΓöÇΓöÇΓöÇΓöÇΓöÇΓöÇΓöÇΓöÇΓöÇΓöÇ  
   FAILED  Tests\Unit\BlogTest > tc blg 015 delete functionality                                     RuntimeException   
  Could not load mock App\Models\BlogPost, class already exists

  at tests\Unit\BlogTest.php:288
    284Γûò     {
    285Γûò         $blogInstanceMock = Mockery::mock(BlogPost::class);
    286Γûò         $blogInstanceMock->shouldReceive('delete')->once()->andReturn(true);
    287Γûò 
  Γ₧£ 288Γûò         $mock = Mockery::mock('alias:' . BlogPost::class);
    289Γûò         $mock->shouldReceive('findOrFail')->with(12)->andReturn($blogInstanceMock);
    290Γûò 
    291Γûò         $controller = new BlogPostsController();
    292Γûò         $response = $controller->destroy(12);


  Tests:    5 failed, 11 passed (13 assertions)
  Duration: 3.99s

